[kunalkene1797.github.io/index.html]
[backblue.gif]
[fade.gif]
[index.html]
[kunalkene1797.github.io/assets/css/main.css]
[kunalkene1797.github.io/icons/apple-touch-icon.png]
[kunalkene1797.github.io/icons/favicon-32x32.png]
[kunalkene1797.github.io/icons/favicon-16x16.png]
[kunalkene1797.github.io/icons/manifest.json]
[kunalkene1797.github.io/icons/safari-pinned-tab.svg]
[kunalkene1797.github.io/icons/favicon.ico]
[kunalkene1797.github.io/icons/browserconfig.xml]
[kunalkene1797.github.io/index-2.html]
[kunalkene1797.github.io/downloads.html]
[kunalkene1797.github.io/contact.html]
[kunalkene1797.github.io/images/rsz_2whvector.png]
[kunalkene1797.github.io/images/pic04.jpg]
[kunalkene1797.github.io/images/pic02.jpg]
[kunalkene1797.github.io/images/pic01.jpg]
[kunalkene1797.github.io/images/pic03.jpg]
[www.google-analytics.com/analytics.js]
[kunalkene1797.github.io/assets/js/jquery.min.js]
[kunalkene1797.github.io/assets/js/jquery.scrollex.min.js]
[kunalkene1797.github.io/assets/js/jquery.scrolly.min.js]
[kunalkene1797.github.io/assets/js/skel.min.js]
[kunalkene1797.github.io/assets/js/util.js]
[kunalkene1797.github.io/assets/js/main.js]
[kunalkene1797.github.io/index.html]
[kunalkene1797.github.io/assets/css/font-awesome.min.css]
[kunalkene1797.github.io/assets/css/images/close.svg]
[kunalkene1797.github.io/assets/css/images/bars.svg]
[kunalkene1797.github.io/assets/css/images/arrow.svg]
[kunalkene1797.github.io/images/banner.jpg]
[kunalkene1797.github.io/assets/css/main.css]
[kunalkene1797.github.io/icons/safari-pinned-tab.svg]
[kunalkene1797.github.io/index-2.html]
[pagead2.googlesyndication.com/pagead/js/f.txt]
[kunalkene1797.github.io/downloads.html]
[kunalkene1797.github.io/contact.html]
[kunalkene1797.github.io/images/profile1.jpg]
[kunalkene1797.github.io/assets/fonts/fontawesome-webfont914c.eot]
[kunalkene1797.github.io/assets/fonts/fontawesome-webfont914c.woff2]
[kunalkene1797.github.io/assets/fonts/fontawesome-webfont914c.woff]
[kunalkene1797.github.io/assets/fonts/fontawesome-webfontd41d.eot]
[kunalkene1797.github.io/assets/fonts/fontawesome-webfont914c.ttf]
[kunalkene1797.github.io/assets/css/font-awesome.min.css]
[kunalkene1797.github.io/assets/css/images/close.svg]
[kunalkene1797.github.io/assets/css/images/bars.svg]
[kunalkene1797.github.io/assets/css/images/arrow.svg]
[kunalkene1797.github.io/assets/fonts/fontawesome-webfont914c.svg]
[kunalkene1797.github.io/assets/fonts/fontawesome-webfont914c.svg]
